/bin/loadkeys
/etc/gamin/gaminrc
/etc/iproute2/bpf_pinning
/etc/iproute2/ematch_map
/etc/iproute2/group
/etc/iproute2/nl_protos
/etc/iproute2/rt_dsfield
/etc/iproute2/rt_protos
/etc/iproute2/rt_realms
/etc/iproute2/rt_scopes
/etc/iproute2/rt_tables
/etc/mc/mc.ext
/etc/ppp/firewall-masq
/etc/ppp/firewall-standalone
/etc/ppp/pppoe.conf
/etc/slackpkg/greylist
/etc/slackpkg/notifymsg.conf
/etc/slackpkg/slackpkgplus.conf
/lib/firmware/intel-ucode/06-03-02
/lib/firmware/intel-ucode/06-05-00
/lib/firmware/intel-ucode/06-05-01
/lib/firmware/intel-ucode/06-05-02
/lib/firmware/intel-ucode/06-05-03
/lib/firmware/intel-ucode/06-06-00
/lib/firmware/intel-ucode/06-06-05
/lib/firmware/intel-ucode/06-06-0a
/lib/firmware/intel-ucode/06-06-0d
/lib/firmware/intel-ucode/06-07-01
/lib/firmware/intel-ucode/06-07-02
/lib/firmware/intel-ucode/06-07-03
/lib/firmware/intel-ucode/06-08-01
/lib/firmware/intel-ucode/06-08-03
/lib/firmware/intel-ucode/06-08-06
/lib/firmware/intel-ucode/06-08-0a
/lib/firmware/intel-ucode/06-09-05
/lib/firmware/intel-ucode/06-0a-00
/lib/firmware/intel-ucode/06-0a-01
/lib/firmware/intel-ucode/06-0b-01
/lib/firmware/intel-ucode/06-0b-04
/lib/firmware/intel-ucode/06-0d-06
/lib/firmware/intel-ucode/06-0e-08
/lib/firmware/intel-ucode/06-0e-0c
/lib/firmware/intel-ucode/06-0f-02
/lib/firmware/intel-ucode/06-0f-06
/lib/firmware/intel-ucode/06-0f-07
/lib/firmware/intel-ucode/06-0f-0a
/lib/firmware/intel-ucode/06-0f-0b
/lib/firmware/intel-ucode/06-0f-0d
/lib/firmware/intel-ucode/06-16-01
/lib/firmware/intel-ucode/06-17-06
/lib/firmware/intel-ucode/06-17-07
/lib/firmware/intel-ucode/06-17-0a
/lib/firmware/intel-ucode/06-1a-04
/lib/firmware/intel-ucode/06-1a-05
/lib/firmware/intel-ucode/06-1c-02
/lib/firmware/intel-ucode/06-1c-0a
/lib/firmware/intel-ucode/06-1d-01
/lib/firmware/intel-ucode/06-1e-05
/lib/firmware/intel-ucode/06-25-02
/lib/firmware/intel-ucode/06-25-05
/lib/firmware/intel-ucode/06-26-01
/lib/firmware/intel-ucode/06-2a-07
/lib/firmware/intel-ucode/06-2c-02
/lib/firmware/intel-ucode/06-2d-06
/lib/firmware/intel-ucode/06-2d-07
/lib/firmware/intel-ucode/06-2e-06
/lib/firmware/intel-ucode/06-2f-02
/lib/firmware/intel-ucode/06-37-08
/lib/firmware/intel-ucode/06-37-09
/lib/firmware/intel-ucode/06-3a-09
/lib/firmware/intel-ucode/06-3c-03
/lib/firmware/intel-ucode/06-3d-04
/lib/firmware/intel-ucode/06-3e-04
/lib/firmware/intel-ucode/06-3e-06
/lib/firmware/intel-ucode/06-3e-07
/lib/firmware/intel-ucode/06-3f-02
/lib/firmware/intel-ucode/06-3f-04
/lib/firmware/intel-ucode/06-45-01
/lib/firmware/intel-ucode/06-46-01
/lib/firmware/intel-ucode/06-47-01
/lib/firmware/intel-ucode/06-4c-03
/lib/firmware/intel-ucode/06-4c-04
/lib/firmware/intel-ucode/06-4d-08
/lib/firmware/intel-ucode/06-4e-03
/lib/firmware/intel-ucode/06-55-03
/lib/firmware/intel-ucode/06-55-04
/lib/firmware/intel-ucode/06-55-06
/lib/firmware/intel-ucode/06-55-07
/lib/firmware/intel-ucode/06-55-0b
/lib/firmware/intel-ucode/06-56-02
/lib/firmware/intel-ucode/06-56-03
/lib/firmware/intel-ucode/06-56-04
/lib/firmware/intel-ucode/06-56-05
/lib/firmware/intel-ucode/06-5c-02
/lib/firmware/intel-ucode/06-5c-09
/lib/firmware/intel-ucode/06-5c-0a
/lib/firmware/intel-ucode/06-5e-03
/lib/firmware/intel-ucode/06-5f-01
/lib/firmware/intel-ucode/06-66-03
/lib/firmware/intel-ucode/06-7a-01
/lib/firmware/intel-ucode/06-7a-08
/lib/firmware/intel-ucode/06-7e-05
/lib/firmware/intel-ucode/06-8a-01
/lib/firmware/intel-ucode/06-8c-01
/lib/firmware/intel-ucode/06-8e-09
/lib/firmware/intel-ucode/06-8e-0a
/lib/firmware/intel-ucode/06-8e-0b
/lib/firmware/intel-ucode/06-8e-0c
/lib/firmware/intel-ucode/06-9e-09
/lib/firmware/intel-ucode/06-9e-0a
/lib/firmware/intel-ucode/06-9e-0b
/lib/firmware/intel-ucode/06-9e-0c
/lib/firmware/intel-ucode/06-9e-0d
/lib/firmware/intel-ucode/06-a5-02
/lib/firmware/intel-ucode/06-a5-03
/lib/firmware/intel-ucode/06-a5-05
/lib/firmware/intel-ucode/06-a6-00
/lib/firmware/intel-ucode/06-a6-01
/lib/firmware/intel-ucode/0f-00-07
/lib/firmware/intel-ucode/0f-00-0a
/lib/firmware/intel-ucode/0f-01-02
/lib/firmware/intel-ucode/0f-02-04
/lib/firmware/intel-ucode/0f-02-05
/lib/firmware/intel-ucode/0f-02-06
/lib/firmware/intel-ucode/0f-02-07
/lib/firmware/intel-ucode/0f-02-09
/lib/firmware/intel-ucode/0f-03-02
/lib/firmware/intel-ucode/0f-03-03
/lib/firmware/intel-ucode/0f-03-04
/lib/firmware/intel-ucode/0f-04-01
/lib/firmware/intel-ucode/0f-04-03
/lib/firmware/intel-ucode/0f-04-04
/lib/firmware/intel-ucode/0f-04-07
/lib/firmware/intel-ucode/0f-04-08
/lib/firmware/intel-ucode/0f-04-09
/lib/firmware/intel-ucode/0f-04-0a
/lib/firmware/intel-ucode/0f-06-02
/lib/firmware/intel-ucode/0f-06-04
/lib/firmware/intel-ucode/0f-06-05
/lib/firmware/intel-ucode/0f-06-08
/lib64/e2fsprogs/e2scrub_all_cron
/lib64/libcrypto.so.1.1
/lib64/libncurses.so.6.3
/lib64/libssl.so.1.1
/lib64/xfsprogs/xfs_scrub_all.cron
/opt/porteus-scripts/dump-session
/sbin/vdoimport
/usr/bin/dlist_test
/usr/bin/get_device
/usr/bin/get_driver
/usr/bin/get_module
/usr/bin/gpg-zip
/usr/bin/lua
/usr/bin/luac
/usr/bin/mclasserase
/usr/bin/ncurses6-config
/usr/bin/resizecons
/usr/bin/sqlite3_analyzer
/usr/lib/rpm/brp-java-gcjcompile
/usr/lib/rpm/brp-python-bytecompile
/usr/lib/rpm/brp-python-hardlink
/usr/lib/rpm/brp-strip-shared
/usr/lib/rpm/debugedit
/usr/lib/rpm/fileattrs/libtool.attr
/usr/lib/rpm/fileattrs/perl.attr
/usr/lib/rpm/fileattrs/perllib.attr
/usr/lib/rpm/fileattrs/python.attr
/usr/lib/rpm/fileattrs/pythondist.attr
/usr/lib/rpm/libtooldeps.sh
/usr/lib/rpm/mkinstalldirs
/usr/lib/rpm/perl.prov
/usr/lib/rpm/perl.req
/usr/lib/rpm/pythondistdeps.py
/usr/lib64/gdk-pixbuf-2.0/2.10.0/loaders.cache
/usr/lib64/gio/modules/giomodule.cache
/usr/lib64/gtk-3.0/3.0.0/immodules.cache
/usr/lib64/libHLSL.so
/usr/lib64/libaom.so
/usr/lib64/libaom.so.3
/usr/lib64/libaom.so.3.10.0
/usr/lib64/libavcodec.so.58
/usr/lib64/libavcodec.so.58.134.100
/usr/lib64/libavutil.so.56
/usr/lib64/libavutil.so.56.70.100
/usr/lib64/libcrypt.so.2
/usr/lib64/libcrypto.so.1.1
/usr/lib64/libform.so.6
/usr/lib64/libform.so.6.3
/usr/lib64/libformw.so.6
/usr/lib64/libformw.so.6.3
/usr/lib64/libgamin-1.so
/usr/lib64/libgamin-1.so.0
/usr/lib64/libgamin-1.so.0.1.10
/usr/lib64/libgstallocators-1.0.so.0
/usr/lib64/libgstapp-1.0.so.0
/usr/lib64/libgstaudio-1.0.so.0
/usr/lib64/libgstfft-1.0.so.0
/usr/lib64/libgstgl-1.0.so.0
/usr/lib64/libgstpbutils-1.0.so.0
/usr/lib64/libgstriff-1.0.so.0
/usr/lib64/libgstrtp-1.0.so.0
/usr/lib64/libgstrtsp-1.0.so.0
/usr/lib64/libgstsdp-1.0.so.0
/usr/lib64/libgsttag-1.0.so.0
/usr/lib64/libgstvideo-1.0.so.0
/usr/lib64/libjson-glib-1.0.so.0
/usr/lib64/liblua.so
/usr/lib64/libmenu.so.6
/usr/lib64/libmenu.so.6.3
/usr/lib64/libmenuw.so.6
/usr/lib64/libmenuw.so.6.3
/usr/lib64/libmozjs-78.so
/usr/lib64/libmozjs-78.so.0
/usr/lib64/libmozjs-78.so.0.0.0
/usr/lib64/libmozjs-78.so.0.0.0.0
/usr/lib64/libncurses++.so.6
/usr/lib64/libncurses++.so.6.3
/usr/lib64/libncurses++w.so.6
/usr/lib64/libncurses++w.so.6.3
/usr/lib64/libpanel.so.6
/usr/lib64/libpanel.so.6.3
/usr/lib64/libpanelw.so.6
/usr/lib64/libpanelw.so.6.3
/usr/lib64/libprocps.so
/usr/lib64/libprocps.so.8
/usr/lib64/libprocps.so.8.0.3
/usr/lib64/libpython3.9.so
/usr/lib64/libpython3.9.so.1
/usr/lib64/libpython3.9.so.1.0
/usr/lib64/libssl.so.1
/usr/lib64/libssl.so.1.1
/usr/lib64/libswresample.so.3
/usr/lib64/libswresample.so.3.9.100
/usr/lib64/libtic.so.6
/usr/lib64/libtic.so.6.3
/usr/lib64/libtinfo.so.6
/usr/lib64/libudev.so.1
/usr/lib64/libvpx.so.6
/usr/lib64/libvpx.so.6.4.0
/usr/lib64/libvpx.so.7
/usr/lib64/libvpx.so.7.1
/usr/lib64/libvpx.so.7.1.0
/usr/lib64/rpm-plugins/ima.so
/usr/lib64/sqlite3.36.0/libsqlite3.36.0.so
/usr/lib64/sqlite3.36.0/pkgIndex.tcl
/usr/lib64/tc/experimental.dist
/usr/lib64/tc/m_ipt.so
/usr/lib64/tc/m_xt.so
/usr/lib64/tc/normal.dist
/usr/lib64/tc/pareto.dist
/usr/lib64/tc/paretonormal.dist
/usr/lib64/xtables/libip6t_DNAT.so
/usr/lib64/xtables/libip6t_LOG.so
/usr/lib64/xtables/libip6t_MASQUERADE.so
/usr/lib64/xtables/libip6t_REDIRECT.so
/usr/lib64/xtables/libip6t_SNAT.so
/usr/lib64/xtables/libipt_DNAT.so
/usr/lib64/xtables/libipt_LOG.so
/usr/lib64/xtables/libipt_MASQUERADE.so
/usr/lib64/xtables/libipt_REDIRECT.so
/usr/lib64/xtables/libipt_SNAT.so
/usr/libexec/gam_server
/usr/libexec/mc/fish/README.fish
/usr/libexec/mc/fish/append
/usr/libexec/mc/fish/chmod
/usr/libexec/mc/fish/chown
/usr/libexec/mc/fish/fexists
/usr/libexec/mc/fish/get
/usr/libexec/mc/fish/hardlink
/usr/libexec/mc/fish/info
/usr/libexec/mc/fish/ln
/usr/libexec/mc/fish/ls
/usr/libexec/mc/fish/mkdir
/usr/libexec/mc/fish/mv
/usr/libexec/mc/fish/rmdir
/usr/libexec/mc/fish/send
/usr/libexec/mc/fish/unlink
/usr/libexec/mc/fish/utime
/usr/libexec/nm-iface-helper
/usr/libexec/slackpkg/functions.d/slackpkgplus.sh
/usr/libexec/slackpkg/functions.d/zchangelog.sh
/usr/libexec/slackpkg/functions.d/zlookkernel.sh
/usr/sbin/f2fstat
/usr/sbin/ninfod
/usr/sbin/pppoe-connect
/usr/sbin/pppoe-setup
/usr/sbin/pppoe-start
/usr/sbin/pppoe-status
/usr/sbin/pppoe-stop
/usr/sbin/rarpd
/usr/sbin/rdisc
/usr/share/ModemManager/mm-foxconn-t99w175-carrier-mapping.conf
/usr/share/appdata/transmission-gtk.appdata.xml
/usr/share/applications/mimeinfo.cache
/usr/share/bash-completion/completions/nmcli
/usr/share/fonts/TTF/fonts.dir
/usr/share/glib-2.0/schemas/gschemas.compiled
/usr/share/kbd/consolefonts/Agafari-12.psfu
/usr/share/kbd/consolefonts/Agafari-14.psfu
/usr/share/kbd/consolefonts/Agafari-16.psfu
/usr/share/kbd/keymaps/i386/colemak/en-latin9.map
/usr/share/kbd/keymaps/i386/dvorak/no-dvorak.map
/usr/share/kbd/keymaps/i386/qwerty/fi-latin1.map
/usr/share/kbd/keymaps/i386/qwerty/fi-latin9.map
/usr/share/kbd/keymaps/i386/qwerty/fi-old.map
/usr/share/kbd/keymaps/i386/qwerty/ko.map.gz
/usr/share/kbd/keymaps/i386/qwerty/speakup-jfw.map
/usr/share/kbd/keymaps/i386/qwerty/speakup-jfw.readme
/usr/share/kbd/keymaps/i386/qwerty/speakupmap.map
/usr/share/mime/mime.cache
/usr/share/pixmaps/transmission.png
/usr/share/publicsuffix/test_psl.txt
/usr/share/transmission/web/LICENSE
/usr/share/transmission/web/images/favicon.ico
/usr/share/transmission/web/images/favicon.png
/usr/share/transmission/web/images/webclip-icon.png
/usr/share/transmission/web/index.html
/usr/share/transmission/web/javascript/common.js
/usr/share/transmission/web/javascript/dialog.js
/usr/share/transmission/web/javascript/file-row.js
/usr/share/transmission/web/javascript/formatter.js
/usr/share/transmission/web/javascript/inspector.js
/usr/share/transmission/web/javascript/jquery/jquery-migrate.min.js
/usr/share/transmission/web/javascript/jquery/jquery-ui.min.js
/usr/share/transmission/web/javascript/jquery/jquery.min.js
/usr/share/transmission/web/javascript/jquery/jquery.transmenu.min.js
/usr/share/transmission/web/javascript/jquery/jquery.ui-contextmenu.min.js
/usr/share/transmission/web/javascript/jquery/json2.min.js
/usr/share/transmission/web/javascript/main.js
/usr/share/transmission/web/javascript/notifications.js
/usr/share/transmission/web/javascript/polyfill.js
/usr/share/transmission/web/javascript/prefs-dialog.js
/usr/share/transmission/web/javascript/remote.js
/usr/share/transmission/web/javascript/torrent-row.js
/usr/share/transmission/web/javascript/torrent.js
/usr/share/transmission/web/javascript/transmission.js
/usr/share/transmission/web/style/jqueryui/images/ui-bg_flat_0_aaaaaa_40x100.png
/usr/share/transmission/web/style/jqueryui/images/ui-bg_flat_75_ffffff_40x100.png
/usr/share/transmission/web/style/jqueryui/images/ui-bg_glass_55_fbf9ee_1x400.png
/usr/share/transmission/web/style/jqueryui/images/ui-bg_glass_65_ffffff_1x400.png
/usr/share/transmission/web/style/jqueryui/images/ui-bg_glass_75_dadada_1x400.png
/usr/share/transmission/web/style/jqueryui/images/ui-bg_glass_75_e6e6e6_1x400.png
/usr/share/transmission/web/style/jqueryui/images/ui-bg_glass_95_fef1ec_1x400.png
/usr/share/transmission/web/style/jqueryui/images/ui-bg_highlight-soft_75_cccccc_1x100.png
/usr/share/transmission/web/style/jqueryui/images/ui-icons_222222_256x240.png
/usr/share/transmission/web/style/jqueryui/images/ui-icons_2e83ff_256x240.png
/usr/share/transmission/web/style/jqueryui/images/ui-icons_454545_256x240.png
/usr/share/transmission/web/style/jqueryui/images/ui-icons_888888_256x240.png
/usr/share/transmission/web/style/jqueryui/images/ui-icons_cd0a0a_256x240.png
/usr/share/transmission/web/style/jqueryui/jquery-ui.min.css
/usr/share/transmission/web/style/transmission/common.css
/usr/share/transmission/web/style/transmission/images/arrow-down.png
/usr/share/transmission/web/style/transmission/images/arrow-up.png
/usr/share/transmission/web/style/transmission/images/blue-turtle.png
/usr/share/transmission/web/style/transmission/images/buttons/torrent_buttons.png
/usr/share/transmission/web/style/transmission/images/compact.png
/usr/share/transmission/web/style/transmission/images/file-priority-high.png
/usr/share/transmission/web/style/transmission/images/file-priority-low.png
/usr/share/transmission/web/style/transmission/images/file-priority-normal.png
/usr/share/transmission/web/style/transmission/images/filter_bar.png
/usr/share/transmission/web/style/transmission/images/filter_icon.png
/usr/share/transmission/web/style/transmission/images/inspector-files.png
/usr/share/transmission/web/style/transmission/images/inspector-info.png
/usr/share/transmission/web/style/transmission/images/inspector-peers.png
/usr/share/transmission/web/style/transmission/images/inspector-trackers.png
/usr/share/transmission/web/style/transmission/images/lock_icon.png
/usr/share/transmission/web/style/transmission/images/logo.png
/usr/share/transmission/web/style/transmission/images/progress.png
/usr/share/transmission/web/style/transmission/images/settings.png
/usr/share/transmission/web/style/transmission/images/toolbar-close.png
/usr/share/transmission/web/style/transmission/images/toolbar-folder.png
/usr/share/transmission/web/style/transmission/images/toolbar-info.png
/usr/share/transmission/web/style/transmission/images/toolbar-pause-all.png
/usr/share/transmission/web/style/transmission/images/toolbar-pause.png
/usr/share/transmission/web/style/transmission/images/toolbar-start-all.png
/usr/share/transmission/web/style/transmission/images/toolbar-start.png
/usr/share/transmission/web/style/transmission/images/turtle.png
/usr/share/transmission/web/style/transmission/images/wrench.png
/usr/share/transmission/web/style/transmission/mobile.css
/var/lib/pkgtools/packages/gamin-0.1.10-x86_64-9
/var/lib/pkgtools/packages/intel-microcode-20201110-noarch-2_ncm
/var/lib/pkgtools/packages/kbd-1.15.3-x86_64-6
/var/lib/pkgtools/packages/less-590-x86_64-1
/var/lib/pkgtools/packages/nettle-3.7.3-x86_64-1
/var/lib/pkgtools/packages/tevent-0.11.0-x86_64-3
